// Jest Snapshot v1, https://goo.gl/fbAQLP

exports[`creates project with labels passed to Dockerfile from questionnaire: Dockerfile 1`] = `
# Use the latest version of Node.js
#
# You may prefer the full image:
# FROM node
#
# or even an alpine image (a smaller, faster, less-feature-complete image):
# FROM node:alpine
#
# You can specify a version:
# FROM node:10-slim
FROM node:slim

# Labels for GitHub to read your action
LABEL "com.github.actions.name"="My Project Name"
LABEL "com.github.actions.description"="A cool project"
# Here all of the available icons: https://feathericons.com/
LABEL "com.github.actions.icon"="anchor"
# And all of the available colors: https://developer.github.com/actions/creating-github-actions/creating-a-docker-container/#label
LABEL "com.github.actions.color"="blue"

# Copy the package.json and package-lock.json
COPY package*.json ./

# Install dependencies
RUN npm ci

# Copy the rest of your action's code
COPY . .

# Run \`node /entrypoint.js\`
ENTRYPOINT ["node", "/entrypoint.js"]

`;

exports[`creates project with labels passed to Dockerfile from questionnaire: entrypoint.js 1`] = `
const { Toolkit } = require('actions-toolkit')
const tools = new Toolkit()

console.log(tools.arguments)

`;

exports[`creates project with labels passed to Dockerfile from questionnaire: package.json 1`] = `
{
  "name": "my-project-name",
  "private": true,
  "main": "index.js",
  "dependencies": {
    "actions-toolkit": "^1.0.0-static-version-for-test"
  }
}
`;
